package expmaps

import (
	`maps` // want "Import statement 'golang.org/x/exp/maps' can be replaced by 'maps'"
)

func _(m, a map[string]string) {
	maps.Clone(m) // want `golang.org/x/exp/maps.Clone\(\) can be replaced by maps.Clone\(\)`

	slices.AppendSeq(make([]T, 0, len(m)), maps.Keys(m)) // want `golang.org/x/exp/maps\.Keys\(\) can be replaced by slices\.AppendSeq\(make\(\[\]T, 0, len\(data\)\), maps\.Keys\(data\)\)`

	slices.AppendSeq(make([]T, 0, len(m)), maps.Values(m)) // want `golang.org/x/exp/maps\.Values\(\) can be replaced by slices\.AppendSeq\(make\(\[\]T, 0, len\(data\)\), maps\.Values\(data\)\)`

	maps.Equal(m, a) // want `golang.org/x/exp/maps.Equal\(\) can be replaced by maps.Equal\(\)`

	maps.EqualFunc(m, a, func(i, j string) bool { // want `golang.org/x/exp/maps.EqualFunc\(\) can be replaced by maps.EqualFunc\(\)`
		return true
	})

	maps.Copy(m, a) // want `golang.org/x/exp/maps.Copy\(\) can be replaced by maps.Copy\(\)`

	maps.DeleteFunc(m, func(_, _ string) bool { // want `golang.org/x/exp/maps.DeleteFunc\(\) can be replaced by maps.DeleteFunc\(\)`
		return true
	})

	clear(m) // want `golang.org/x/exp/maps.Clear\(\) can be replaced by clear\(\)`
}

type foo struct {
	m map[string]int
}

func _() {

	f := foo{
		m: map[string]int{
			"foo": 1,
			"bar": 2,
		},
	}

	slices.AppendSeq(make([]T, 0, len(f.m)), maps.Keys(f.m)) // want `golang.org/x/exp/maps\.Keys\(\) can be replaced by slices\.AppendSeq\(make\(\[\]T, 0, len\(data\)\), maps\.Keys\(data\)\)`
}

func _() {
	slices.AppendSeq(make([]T, 0, len(someFunc().m)), maps.Keys(someFunc().m)) // want `golang.org/x/exp/maps\.Keys\(\) can be replaced by slices\.AppendSeq\(make\(\[\]T, 0, len\(data\)\), maps\.Keys\(data\)\)`
}

func someFunc() foo {
	return foo{}
}
